	C:\Users\Habiba\AppData\Local\Temp\RtmpUX6iCF\downloaded_packages
> y<-1
> print (y)
[1] 1
> msg<-"hello"
> print(msg)
[1] "hello"
> msg
[1] "hello"
> y
[1] 1
> x<-1:20
> x
 [1]  1  2  3  4  5  6  7  8  9 10 11 12 13 14 15 16 17 18 19 20
> x[2:4]
[1] 2 3 4
> x[-1:5]
Error in x[-1:5] : only 0's may be mixed with negative subscripts
> 
